
Allocating common symbols
Common symbol       size              file

_kernel_MemMap      0x4               ./Source/core/NSOBiosMaps.o
AcpiGbl_StateCache  0x4               ./Source/acpica/utilities/utglobal.o
AcpiGbl_OwnerIdMask
                    0x20              ./Source/acpica/utilities/utglobal.o
AcpiGbl_StepToNextCall
                    0x1               ./Source/acpica/utilities/utglobal.o
AcpiGbl_RootTableList
                    0x10              ./Source/acpica/utilities/utglobal.o
AcpiGbl_FadtGpeDevice
                    0x4               ./Source/acpica/utilities/utglobal.o
AcpiGbl_GpeXruptListHead
                    0x4               ./Source/acpica/utilities/utglobal.o
AcpiGbl_GlobalLockHandle
                    0x2               ./Source/acpica/utilities/utglobal.o
_kernel_TerminateList
                    0x24              ./Source/core/NSOSched.o
AcpiGbl_RootNodeStruct
                    0x18              ./Source/acpica/utilities/utglobal.o
_kernel_local_pointer
                    0x6               ./Source/core/NSOInterrupts.o
AcpiGbl_DbDebugLevel
                    0x4               ./Source/acpica/utilities/utglobal.o
AcpiGbl_FACS        0x4               ./Source/acpica/utilities/utglobal.o
AcpiGbl_AllGpesInitialized
                    0x1               ./Source/acpica/utilities/utglobal.o
AcpiGbl_ObjTypeCount
                    0x38              ./Source/acpica/utilities/utglobal.o
_kernel_MemMapSize  0x4               ./Source/core/NSOBiosMaps.o
AcpiGbl_DbConsoleDebugLevel
                    0x4               ./Source/acpica/utilities/utglobal.o
AcpiGbl_GlobalLockMutex
                    0x4               ./Source/acpica/utilities/utglobal.o
_kernel_ReadyList   0x24              ./Source/core/NSOSched.o
AcpiGbl_IntegerByteWidth
                    0x1               ./Source/acpica/utilities/utglobal.o
AcpiGbl_Pm1EnableRegisterSave
                    0x2               ./Source/acpica/utilities/utglobal.o
kernel_pageDirectory
                    0x4               ./Source/core/NSOPaging.o
AcpiGbl_DbArgTypes  0x2c              ./Source/acpica/utilities/utglobal.o
AcpiGbl_NumNodes    0x4               ./Source/acpica/utilities/utglobal.o
AcpiGbl_NsLookupCount
                    0x4               ./Source/acpica/utilities/utglobal.o
AcpiCurrentGpeCount
                    0x4               ./Source/acpica/utilities/utglobal.o
AcpiGbl_IntegerBitWidth
                    0x1               ./Source/acpica/utilities/utglobal.o
AcpiGbl_DbThreadsTerminated
                    0x1               ./Source/acpica/utilities/utglobal.o
AcpiGbl_NamespaceCache
                    0x4               ./Source/acpica/utilities/utglobal.o
AcpiGbl_TableHandler
                    0x4               ./Source/acpica/utilities/utglobal.o
AcpiGbl_HardwareLock
                    0x4               ./Source/acpica/utilities/utglobal.o
AcpiGbl_DbFilename  0x4               ./Source/acpica/utilities/utglobal.o
AcpiGbl_DbOpt_NoIniMethods
                    0x1               ./Source/acpica/utilities/utglobal.o
blocks              0x28              ./Source/devices/NSOPIT.o
AcpiGbl_FixedEventHandlers
                    0x28              ./Source/acpica/utilities/utglobal.o
AcpiSciCount        0x4               ./Source/acpica/utilities/utglobal.o
AcpiGbl_DSDT        0x4               ./Source/acpica/utilities/utglobal.o
AcpiGbl_GlobalNotify
                    0x10              ./Source/acpica/utilities/utglobal.o
AcpiGbl_GlobalLockSemaphore
                    0x4               ./Source/acpica/utilities/utglobal.o
AcpiGbl_SystemAwakeAndRunning
                    0x1               ./Source/acpica/utilities/utglobal.o
AcpiGbl_InterfaceHandler
                    0x4               ./Source/acpica/utilities/utglobal.o
end                 0x4               ./Source/core/NSOAllocator.o
head                0xc               ./Source/core/NSOAllocator.o
AcpiGbl_EventsInitialized
                    0x1               ./Source/acpica/utilities/utglobal.o
_kernel_baseIO      0x14              ./Source/core/NSOIOAPIC.o
AcpiGbl_SupportedInterfaces
                    0x4               ./Source/acpica/utilities/utglobal.o
AcpiGbl_GpeLock     0x4               ./Source/acpica/utilities/utglobal.o
AcpiGbl_SleepTypeB  0x1               ./Source/acpica/utilities/utglobal.o
AcpiGbl_InitHandler
                    0x4               ./Source/acpica/utilities/utglobal.o
AcpiGbl_GlobalLockAcquired
                    0x1               ./Source/acpica/utilities/utglobal.o
AcpiGbl_DbLineBuf   0x200             ./Source/acpica/utilities/utglobal.o
AcpiGbl_XPm1bEnable
                    0xc               ./Source/acpica/utilities/utglobal.o
AcpiGbl_OriginalDsdtHeader
                    0x24              ./Source/acpica/utilities/utglobal.o
AcpiGbl_ReferenceCountLock
                    0x4               ./Source/acpica/utilities/utglobal.o
_kernel_RunningList
                    0x24              ./Source/core/NSOSched.o
[...]
Memory Configuration

Name             Origin             Length             Attributes
*default*        0x0000000000000000 0xffffffffffffffff

Linker script and memory map

                0x0000000000010000                . = 0x10000
                0x0000000000010000                kernel_begin = .

.text           0x0000000000010000    0x3edef
 *(._main)
 ._main         0x0000000000010000      0x1dc ./Source/core/NSOKernel.o
                0x0000000000010000                kernel_main
 *(.text)
 .text          0x00000000000101dc        0x0 ./Source/core/NSOKernel.o
 .text          0x00000000000101dc      0x22a ./Source/core/NSOBiosMaps.o
                0x00000000000101dc                kernel_initMemMapB
                0x00000000000101fa                kernel_lookupMemMapB
                0x00000000000102aa                kernel_getMemMapEntry
                0x00000000000102d4                kernel_lookMemMapSB
                0x000000000001033e                kernel_getLargestAddr
                0x00000000000103a3                kernel_getMemMapEntryLength
                0x00000000000103ad                kernel_debugMemMap
 .text          0x0000000000010406       0x5d ./Source/core/NSOThread.o
                0x0000000000010406                kernel_createThread
 .text          0x0000000000010463      0x591 ./Source/core/NSOAllocator.o
                0x0000000000010463                kernel_initAllocation
                0x00000000000104e5                kernel_malloc
                0x0000000000010741                kernel_calloc
                0x000000000001077e                kernel_realloc
                0x00000000000107e4                kernel_free
                0x00000000000108b4                kernel_allocatorSize
                0x00000000000108eb                kernel_debugAllocator
                0x000000000001099b                kernel_extendHEAP
 .text          0x00000000000109f4       0x85 ./Source/core/NSOProcess.o
                0x00000000000109f4                kernel_createNewProcess
 .text          0x0000000000010a79      0x239 ./Source/core/NSOInterrupts.o
                0x0000000000010a79                kernel_initInterrupts
                0x0000000000010b4c                kernel_setupInterruptGate
                0x0000000000010bc9                kernel_setupTrapGate
                0x0000000000010ca2                kernel_flushIDT
 .text          0x0000000000010cb2      0x26e ./Source/core/NSOIOAPIC.o
                0x0000000000010cb2                kernel_newIOAPIC
                0x0000000000010d6d                kernel_readIOAPIC
                0x0000000000010d8f                kernel_writeIOAPIC
                0x0000000000010db5                kernel_readRedirectionTable
                0x0000000000010e28                kernel_writeRedirectionTable
                0x0000000000010e86                kernel_getIOAPIC
                0x0000000000010ee6                kernel_getIOAPICByID
 .text          0x0000000000010f20      0x365 ./Source/core/NSOPAllocator.o
                0x0000000000010f20                kernel_initPageAllocator
                0x0000000000011080                kernel_initPageAllocator2
                0x00000000000110a4                kernel_allocatePage
                0x0000000000011171                kernel_freePage
                0x000000000001119c                kernel_markPage
                0x00000000000111b9                kernel_markPageAddr
                0x00000000000111ce                kernel_findPages
 .text          0x0000000000011285      0x5f8 ./Source/core/NSOPaging.o
                0x0000000000011285                kernel_initPaging
                0x0000000000011364                kernel_createVirtualAddressSpace
                0x0000000000011392                kernel_copyPageDirectories
                0x00000000000113b2                kernel_mapAddress
                0x00000000000115bf                kernel_unmapAddress
                0x00000000000115ee                kernel_unmapIdentity
                0x0000000000011644                kernel_mapIdentity
                0x00000000000116c7                kernel_getPhysicalAddress
                0x0000000000011791                kernel_vAllocatePage
                0x0000000000011820                kernel_vFreePage
 .text          0x000000000001187d       0x9e ./Source/core/NSOSched.o
                0x000000000001187d                kernel_initScheduler
                0x0000000000011883                kernel_scheduler
                0x0000000000011889                kernel_appendNewProcess
 .text          0x000000000001191b       0x4b ./Source/core/NSOCacheControl.o
                0x000000000001191b                kernel_isPATSupported
                0x0000000000011960                kernel_initCacheControl
 .text          0x0000000000011966      0x307 ./Source/core/NSOInterruptController.o
                0x0000000000011966                kernel_initateInterruptController
                0x0000000000011a27                kernel_overrideIsaIRQ
                0x0000000000011a5b                kernel_getIrqMapping
                0x0000000000011be2                kernel_requestIRQ
                0x0000000000011c2a                kernel_isrHandler
 .text          0x0000000000011c6d      0x86c ./Source/core/NSOPCI.o
                0x0000000000011c6d                kernel_pciReadConfig8
                0x0000000000011ccb                kernel_pciReadConfig16
                0x0000000000011d29                kernel_pciReadConfig32
                0x0000000000011d9c                kernel_enumeratePCI
                0x0000000000011db2                kernel_pciSearchDevice
                0x0000000000011e2d                kernel_pciSearchDeviceByClass
                0x0000000000011f9c                kernel_pciWriteConfig32
                0x00000000000123e4                kernel_pciDebug
 .text          0x00000000000124d9      0x1dd ./Source/core/NSOMP.o
                0x00000000000124d9                kernel_newProcessor
                0x000000000001251f                kernel_getProc
                0x0000000000012564                kernel_currentCPU
                0x000000000001258b                kernel_getProcByAPIC
                0x00000000000125c0                kernel_setupTSS
                0x000000000001260e                kernel_getNumOfProc
 .text          0x00000000000126b6      0x106 ./Source/core/NSOCExceptions.o
                0x00000000000126b6                kernel_divEX
                0x00000000000126c9                kernel_generalProtectionEX
                0x0000000000012735                kernel_doubleFaultEX
                0x000000000001275c                kernel_pagingEX
 .text          0x00000000000127bc       0x24 ./Source/core/NSOIDE.o
                0x00000000000127bc                kernel_detectIDE
 .text          0x00000000000127e0      0x135 ./Source/devices/NSOAPIC.o
                0x00000000000127e0                kernel_initAPIC
                0x000000000001283f                kernel_initAPIC2
                0x000000000001287d                kernel_hasAPIC
                0x00000000000128c2                kernel_readAPICRegister
                0x00000000000128df                kernel_writeAPICRegister
                0x0000000000012900                kernel_apicEOI
 .text          0x0000000000012915      0x2e1 ./Source/devices/NSOHPET.o
                0x0000000000012915                kernel_initHPET
                0x00000000000129e2                kernel_getNumOfTimers
                0x0000000000012a42                kernel_getTimerFreq
                0x0000000000012a62                kernel_setupTimer
 .text          0x0000000000012bf6      0x14d ./Source/devices/NSO8259A.o
                0x0000000000012bf6                kernel_init8259A
                0x0000000000012cd1                kernel_8259EOI
                0x0000000000012d07                kernel_mask8259INTS
 .text          0x0000000000012d43      0x17b ./Source/devices/NSOPIT.o
                0x0000000000012d94                kernel_initPIT
                0x0000000000012e36                kernel_sleepPIT
                0x0000000000012e46                kernel_setTimer
 .text          0x0000000000012ebe       0x17 ./Source/utils/NSOLocks2.o
                0x0000000000012ebe                kernel_createLock
 .text          0x0000000000012ed5      0x12c ./Source/utils/NSOStringUtils.o
                0x0000000000012ed5                kernel_stringLength
                0x0000000000012f09                kernel_stringOccurance
                0x0000000000012f6f                kernel_stringCompare
                0x0000000000012fb0                kernel_stringCompareRAW
 .text          0x0000000000013001      0x7f2 ./Source/utils/NSOBochs.o
                0x0000000000013001                kernel_printfBOCHS
                0x000000000001302c                kernel_vprintfBOCHS
                0x000000000001373e                kernel_breakBOCHS
 .text          0x00000000000137f3      0x3a8 ./Source/utils/NSOCoreUtils.o
                0x00000000000137f3                kernel_out8
                0x0000000000013814                kernel_out16
                0x0000000000013835                kernel_out32
                0x000000000001384d                kernel_in8
                0x000000000001386e                kernel_in16
                0x0000000000013893                kernel_in32
                0x00000000000138b6                kernel_sti
                0x00000000000138bd                kernel_cli
                0x00000000000138c4                kernel_hlt
                0x00000000000138cb                kernel_getEFLAGS
                0x00000000000138e2                kernel_setEFLAGS
                0x00000000000138ed                kernel_panic
                0x0000000000013912                kernel_isCpuidSupported
                0x0000000000013952                kernel_cpuid
                0x0000000000013979                kernel_checkStandardCpuid
                0x0000000000013989                kernel_checkExtendedCpuid
                0x0000000000013999                kernel_getMaxCpuid
                0x00000000000139fd                kernel_memset
                0x0000000000013a36                kernel_memcpy
                0x0000000000013a77                kernel_memcmp
                0x0000000000013ad6                kernel_wrmsr
                0x0000000000013b08                kernel_rdmsr
                0x0000000000013b61                kernel_calculateChecksum
 .text          0x0000000000013b9b      0x6fe ./Source/acpica/NSOACPIOSL.o
                0x0000000000013b9b                AcpiOsInitialize
                0x0000000000013bb8                AcpiOsTerminate
                0x0000000000013bd5                AcpiOsGetRootPointer
                0x0000000000013bf6                AcpiOsPredefinedOverride
                0x0000000000013c09                AcpiOsTableOverride
                0x0000000000013c1c                AcpiOsPhysicalTableOverride
                0x0000000000013c38                AcpiOsMapMemory
                0x0000000000013c77                AcpiOsUnmapMemory
                0x0000000000013caa                AcpiOsGetPhysicalAddress
                0x0000000000013d01                AcpiOsAllocate
                0x0000000000013d19                AcpiOsFree
                0x0000000000013d2f                AcpiOsReadable
                0x0000000000013d39                AcpiOsWriteable
                0x0000000000013d43                AcpiOsGetThreadId
                0x0000000000013d52                AcpiOsExecute
                0x0000000000013d5c                AcpiOsSleep
                0x0000000000013d71                AcpiOsStall
                0x0000000000013d77                AcpiOsWaitEventsComplete
                0x0000000000013d7d                AcpiOsCreateMutex
                0x0000000000013dbe                AcpiOsDeleteMutex
                0x0000000000013dd5                AcpiOsAcquireMutex
                0x0000000000013e04                AcpiOsReleaseMutex
                0x0000000000013e1b                AcpiOsCreateSemaphore
                0x0000000000013e25                AcpiOsDeleteSemaphore
                0x0000000000013e2f                AcpiOsWaitSemaphore
                0x0000000000013e43                AcpiOsSignalSemaphore
                0x0000000000013e4d                AcpiOsCreateLock
                0x0000000000013e84                AcpiOsDeleteLock
                0x0000000000013e9b                AcpiOsAcquireLock
                0x0000000000013ebc                AcpiOsReleaseLock
                0x0000000000013ee1                AcpiOsInstallInterruptHandler
                0x0000000000013f01                AcpiOsRemoveInterruptHandler
                0x0000000000013f21                AcpiOsReadMemory
                0x0000000000013f9b                AcpiOsWriteMemory
                0x0000000000014017                AcpiOsReadPort
                0x0000000000014087                AcpiOsWritePort
                0x00000000000140f2                AcpiOsReadPciConfiguration
                0x00000000000141e2                AcpiOsWritePciConfiguration
                0x000000000001420e                AcpiOsPrintf
                0x000000000001422f                AcpiOsVprintf
                0x0000000000014249                AcpiOsGetTimer
                0x0000000000014258                AcpiOsSignal
                0x0000000000014262                AcpiOsEnterSleep
                0x0000000000014275                AcpiOsWaitCommandReady
                0x000000000001427f                AcpiOsNotifyCommandComplete
                0x0000000000014289                AcpiOsInitializeDebugger
                0x0000000000014293                AcpiOsTerminateDebugger
 .text          0x0000000000014299     0x132b ./Source/acpica/debugger/dbcmds.o
                0x0000000000014299                AcpiDbConvertToNode
                0x000000000001436b                AcpiDbSleep
                0x0000000000014591                AcpiDbDisplayLocks
                0x0000000000014609                AcpiDbDisplayTableInfo
                0x000000000001475f                AcpiDbUnloadAcpiTable
                0x00000000000147d2                AcpiDbSendNotify
                0x000000000001486e                AcpiDbDisplayInterfaces
                0x00000000000149dd                AcpiDbDisplayTemplate
                0x00000000000152c8                AcpiDbDisplayResources
                0x000000000001539a                AcpiDbGenerateGpe
                0x0000000000015426                AcpiDbGenerateSci
                0x0000000000015434                AcpiDbTrace
 .text          0x00000000000155c4     0x10fd ./Source/acpica/debugger/dbtest.o
                0x00000000000155c4                AcpiDbExecuteTest
 .text          0x00000000000166c1      0x43f ./Source/acpica/debugger/dbutils.o
                0x00000000000166c1                AcpiDbMatchArgument
                0x0000000000016743                AcpiDbSetOutputDestination
                0x000000000001677c                AcpiDbDumpExternalObject
                0x0000000000016993                AcpiDbPrepNamestring
                0x00000000000169fa                AcpiDbLocalNsLookup
                0x0000000000016aa6                AcpiDbUint32ToHexString
 .text          0x0000000000016b00      0xea6 ./Source/acpica/debugger/dbexec.o
                0x0000000000016b00                AcpiDbDeleteObjects
                0x0000000000016f9c                AcpiDbExecute
                0x00000000000174b5                AcpiDbCreateExecutionThread
                0x00000000000175da                AcpiDbCreateExecutionThreads
 .text          0x00000000000179a6      0x509 ./Source/acpica/debugger/dbmethod.o
                0x00000000000179a6                AcpiDbSetMethodBreakpoint
                0x0000000000017a28                AcpiDbSetMethodCallBreakpoint
                0x0000000000017a4f                AcpiDbSetMethodData
                0x0000000000017e66                AcpiDbEvaluatePredefinedNames
 .text          0x0000000000017eaf     0x1313 ./Source/acpica/debugger/dbdisply.o
                0x0000000000017f7a                AcpiDbDecodeAndDisplayObject
                0x000000000001835e                AcpiDbDisplayMethodInfo
                0x00000000000184f3                AcpiDbDisplayLocals
                0x0000000000018535                AcpiDbDisplayArguments
                0x0000000000018577                AcpiDbDisplayResults
                0x0000000000018680                AcpiDbDisplayCallingTree
                0x000000000001870b                AcpiDbDisplayObjectType
                0x00000000000188d8                AcpiDbDisplayResultObject
                0x0000000000018955                AcpiDbDisplayArgumentObject
                0x00000000000189c2                AcpiDbDisplayGpes
                0x0000000000018e18                AcpiDbDisplayHandlers
 .text          0x00000000000191c2      0x890 ./Source/acpica/debugger/dbstats.o
                0x0000000000019510                AcpiDbDisplayStatistics
 .text          0x0000000000019a52      0x8fe ./Source/acpica/debugger/dbobject.o
                0x0000000000019a52                AcpiDbDumpMethodInfo
                0x0000000000019b0d                AcpiDbDecodeInternalObject
                0x0000000000019d5b                AcpiDbDisplayInternalObject
                0x000000000001a0af                AcpiDbDecodeLocals
                0x000000000001a1f7                AcpiDbDecodeArguments
 .text          0x000000000001a350        0x0 ./Source/acpica/debugger/dbfileio.o
 .text          0x000000000001a350      0x2df ./Source/acpica/debugger/dbhistry.o
                0x000000000001a350                AcpiDbAddToHistory
                0x000000000001a4f4                AcpiDbDisplayHistory
                0x000000000001a573                AcpiDbGetFromHistory
                0x000000000001a5b1                AcpiDbGetHistoryByIndex
 .text          0x000000000001a62f      0xb21 ./Source/acpica/debugger/dbinput.o
                0x000000000001a7c2                AcpiDbGetNextToken
                0x000000000001aab2                AcpiDbCommandDispatch
                0x000000000001b09f                AcpiDbExecuteThread
                0x000000000001b0b4                AcpiDbUserCommands
 .text          0x000000000001b150      0x5a9 ./Source/acpica/debugger/dbxface.o
                0x000000000001b1d8                AcpiDbSignalBreakPoint
                0x000000000001b22d                AcpiDbSingleStep
                0x000000000001b52f                AcpiInitializeDebugger
                0x000000000001b666                AcpiTerminateDebugger
                0x000000000001b6d3                AcpiSetDebuggerThreadId
 .text          0x000000000001b6f9      0xad1 ./Source/acpica/debugger/dbconvert.o
                0x000000000001b6f9                AcpiDbHexCharToValue
                0x000000000001b8fd                AcpiDbConvertToPackage
                0x000000000001b9ca                AcpiDbConvertToObject
                0x000000000001ba66                AcpiDbEncodePldBuffer
                0x000000000001bd7e                AcpiDbDumpPldBuffer
 .text          0x000000000001c1ca      0xd70 ./Source/acpica/debugger/dbnames.o
                0x000000000001c1ca                AcpiDbSetScope
                0x000000000001c2f2                AcpiDbDumpNamespace
                0x000000000001c3c4                AcpiDbDumpNamespacePaths
                0x000000000001c420                AcpiDbDumpNamespaceByOwner
                0x000000000001c5a0                AcpiDbFindNameInNamespace
                0x000000000001c772                AcpiDbCheckPredefinedNames
                0x000000000001c8ab                AcpiDbDisplayObjects
                0x000000000001cba8                AcpiDbCheckIntegrity
                0x000000000001cc6a                AcpiDbFindReferences
                0x000000000001cf15                AcpiDbGetBusInfo
 .text          0x000000000001cf3a      0xa91 ./Source/acpica/dispatcher/dswexec.o
                0x000000000001cf3a                AcpiDsGetPredicateValue
                0x000000000001d158                AcpiDsExecBeginOp
                0x000000000001d35d                AcpiDsExecEndOp
 .text          0x000000000001d9cb      0xa0b ./Source/acpica/dispatcher/dsmethod.o
                0x000000000001d9cb                AcpiDsAutoSerializeMethod
                0x000000000001db26                AcpiDsMethodError
                0x000000000001dc8f                AcpiDsBeginMethodExecution
                0x000000000001df3f                AcpiDsCallControlMethod
                0x000000000001e144                AcpiDsRestartControlMethod
                0x000000000001e1e1                AcpiDsTerminateControlMethod
 .text          0x000000000001e3d6      0x13d ./Source/acpica/dispatcher/dsdebug.o
                0x000000000001e41e                AcpiDsDumpMethodStack
 .text          0x000000000001e513      0x5a2 ./Source/acpica/dispatcher/dspkginit.o
                0x000000000001e513                AcpiDsBuildInternalPackageObj
                0x000000000001e86e                AcpiDsInitPackageElement
 .text          0x000000000001eab5      0x910 ./Source/acpica/dispatcher/dswload2.o
                0x000000000001eab5                AcpiDsLoad2BeginOp
                0x000000000001ef2d                AcpiDsLoad2EndOp
 .text          0x000000000001f3c5      0x6be ./Source/acpica/dispatcher/dswload.o
                0x000000000001f3c5                AcpiDsInitCallbacks
                0x000000000001f495                AcpiDsLoad1BeginOp
                0x000000000001f802                AcpiDsLoad1EndOp
 .text          0x000000000001fa83      0x915 ./Source/acpica/dispatcher/dswstate.o
                0x000000000001fa83                AcpiDsResultPop
                0x000000000001fbb9                AcpiDsResultPush
                0x000000000001fe2a                AcpiDsObjStackPush
                0x000000000001feab                AcpiDsObjStackPop
                0x000000000001ff32                AcpiDsObjStackPopAndDelete
                0x000000000001ffb6                AcpiDsGetCurrentWalkState
                0x000000000001ffce                AcpiDsPushWalkState
                0x000000000001ffe8                AcpiDsPopWalkState
                0x000000000002000d                AcpiDsCreateWalkState
                0x00000000000200a1                AcpiDsInitAmlWalk
                0x000000000002026f                AcpiDsDeleteWalkState
 .text          0x0000000000020398      0xa88 ./Source/acpica/dispatcher/dsopcode.o
                0x0000000000020398                AcpiDsInitializeRegion
                0x000000000002069f                AcpiDsEvalBufferFieldOperands
                0x0000000000020813                AcpiDsEvalRegionOperands
                0x00000000000209b3                AcpiDsEvalTableRegionOperands
                0x0000000000020b6b                AcpiDsEvalDataObjectOperands
                0x0000000000020d24                AcpiDsEvalBankFieldOperands
 .text          0x0000000000020e20      0x741 ./Source/acpica/dispatcher/dsobject.o
                0x0000000000020e20                AcpiDsBuildInternalObject
                0x0000000000020fc3                AcpiDsBuildInternalBufferObj
                0x000000000002112d                AcpiDsCreateNode
                0x00000000000211c5                AcpiDsInitObjectFromOp
 .text          0x0000000000021561      0x985 ./Source/acpica/dispatcher/dsutils.o
                0x0000000000021561                AcpiDsClearImplicitReturn
                0x00000000000215a6                AcpiDsDoImplicitReturn
                0x0000000000021621                AcpiDsIsResultUsed
                0x00000000000217c5                AcpiDsDeleteResultIfNotUsed
                0x000000000002183a                AcpiDsResolveOperands
                0x0000000000021898                AcpiDsClearOperands
                0x00000000000218ee                AcpiDsCreateOperand
                0x0000000000021c61                AcpiDsCreateOperands
                0x0000000000021d57                AcpiDsEvaluateNamePath
 .text          0x0000000000021ee6      0x470 ./Source/acpica/dispatcher/dscontrol.o
                0x0000000000021ee6                AcpiDsExecBeginControlOp
                0x000000000002200d                AcpiDsExecEndControlOp
 .text          0x0000000000022356      0x162 ./Source/acpica/dispatcher/dswscope.o
                0x0000000000022356                AcpiDsScopeStackClear
                0x0000000000022396                AcpiDsScopeStackPush
                0x000000000002245d                AcpiDsScopeStackPop
 .text          0x00000000000224b8      0x6ba ./Source/acpica/dispatcher/dsmthdat.o
                0x00000000000224b8                AcpiDsMethodDataInit
                0x000000000002263d                AcpiDsMethodDataDeleteAll
                0x00000000000226eb                AcpiDsMethodDataInitArgs
                0x0000000000022763                AcpiDsMethodDataGetNode
                0x0000000000022891                AcpiDsMethodDataGetValue
                0x0000000000022a23                AcpiDsStoreObjectToLocal
 .text          0x0000000000022b72      0x3d2 ./Source/acpica/dispatcher/dsargs.o
                0x0000000000022d01                AcpiDsGetBufferFieldArguments
                0x0000000000022d61                AcpiDsGetBankFieldArguments
                0x0000000000022dc1                AcpiDsGetBufferArguments
                0x0000000000022e33                AcpiDsGetPackageArguments
                0x0000000000022ea5                AcpiDsGetRegionArguments
 .text          0x0000000000022f44      0xa0b ./Source/acpica/dispatcher/dsfield.o
                0x0000000000022f44                AcpiDsCreateBufferField
                0x0000000000023447                AcpiDsCreateField
                0x0000000000023552                AcpiDsInitFieldObjects
                0x00000000000236fa                AcpiDsCreateBankField
                0x000000000002382e                AcpiDsCreateIndexField
 .text          0x000000000002394f      0x231 ./Source/acpica/dispatcher/dsinit.o
                0x0000000000023acf                AcpiDsInitializeObjects
 .text          0x0000000000023b80      0xa18 ./Source/acpica/events/evxfgpe.o
                0x0000000000023b80                AcpiUpdateAllGpes
                0x0000000000023c10                AcpiEnableGpe
                0x0000000000023c8f                AcpiDisableGpe
                0x0000000000023cf4                AcpiSetGpe
                0x0000000000023d9f                AcpiMaskGpe
                0x0000000000023e11                AcpiMarkGpeForWake
                0x0000000000023e7e                AcpiSetupGpeForWake
                0x000000000002400a                AcpiSetGpeWakeMask
                0x0000000000024117                AcpiClearGpe
                0x0000000000024185                AcpiGetGpeStatus
                0x00000000000241f6                AcpiFinishGpe
                0x000000000002425d                AcpiDisableAllGpes
                0x0000000000024298                AcpiEnableAllRuntimeGpes
                0x00000000000242d3                AcpiEnableAllWakeupGpes
                0x000000000002430e                AcpiInstallGpeBlock
                0x0000000000024460                AcpiRemoveGpeBlock
                0x000000000002452a                AcpiGetGpeDevice
 .text          0x0000000000024598      0x39e ./Source/acpica/events/evxfevnt.o
                0x0000000000024598                AcpiEnable
                0x000000000002460c                AcpiDisable
                0x000000000002466f                AcpiEnableEvent
                0x0000000000024741                AcpiDisableEvent
                0x0000000000024812                AcpiClearEvent
                0x000000000002486a                AcpiGetEventStatus
 .text          0x0000000000024936      0x1fb ./Source/acpica/events/evxfregn.o
                0x0000000000024936                AcpiInstallAddressSpaceHandler
                0x00000000000249dc                AcpiRemoveAddressSpaceHandler
 .text          0x0000000000024b31      0x412 ./Source/acpica/events/evgpeutil.o
                0x0000000000024b31                AcpiEvWalkGpeList
                0x0000000000024bd0                AcpiEvGetGpeDevice
                0x0000000000024c33                AcpiEvGetGpeXruptBlock
                0x0000000000024d63                AcpiEvDeleteGpeXrupt
                0x0000000000024e2e                AcpiEvDeleteGpeHandlers
 .text          0x0000000000024f43      0x1a8 ./Source/acpica/events/evsci.o
                0x0000000000024f43                AcpiEvSciDispatch
                0x0000000000025001                AcpiEvGpeXruptHandler
                0x000000000002502a                AcpiEvInstallSciHandler
                0x0000000000025061                AcpiEvRemoveAllSciHandlers
 .text          0x00000000000250eb      0x4c0 ./Source/acpica/events/evhandler.o
                0x00000000000250eb                AcpiEvInstallRegionHandlers
                0x0000000000025177                AcpiEvHasDefaultHandler
                0x00000000000252ea                AcpiEvFindRegionHandler
                0x000000000002531f                AcpiEvInstallSpaceHandler
 .text          0x00000000000255ab      0x562 ./Source/acpica/events/evrgnini.o
                0x00000000000255ab                AcpiEvSystemMemoryRegionSetup
                0x0000000000025652                AcpiEvIoSpaceRegionSetup
                0x0000000000025675                AcpiEvPciConfigRegionSetup
                0x00000000000258ed                AcpiEvIsPciRootBridge
                0x00000000000259c8                AcpiEvPciBarRegionSetup
                0x00000000000259d2                AcpiEvCmosRegionSetup
                0x00000000000259dc                AcpiEvDefaultRegionSetup
                0x00000000000259ff                AcpiEvInitializeRegion
 .text          0x0000000000025b0d      0xd16 ./Source/acpica/events/evxface.o
                0x0000000000025b0d                AcpiInstallNotifyHandler
                0x0000000000025d73                AcpiRemoveNotifyHandler
                0x0000000000025f9a                AcpiInstallExceptionHandler
                0x0000000000025fe7                AcpiInstallSciHandler
                0x00000000000260d5                AcpiRemoveSciHandler
                0x00000000000261ba                AcpiInstallGlobalEventHandler
                0x000000000002621c                AcpiInstallFixedEventHandler
                0x00000000000262f7                AcpiRemoveFixedEventHandler
                0x000000000002659e                AcpiInstallGpeHandler
                0x00000000000265c8                AcpiInstallGpeRawHandler
                0x00000000000265f2                AcpiRemoveGpeHandler
                0x0000000000026788                AcpiAcquireGlobalLock
                0x00000000000267e8                AcpiReleaseGlobalLock
 .text          0x0000000000026823      0x2f4 ./Source/acpica/events/evmisc.o
                0x0000000000026823                AcpiEvIsNotifyObject
                0x0000000000026850                AcpiEvQueueNotifyRequest
                0x0000000000026a05                AcpiEvTerminate
 .text          0x0000000000026b17      0x92d ./Source/acpica/events/evgpe.o
                0x0000000000026b17                AcpiEvUpdateGpeEnableMask
                0x0000000000026b89                AcpiEvEnableGpe
                0x0000000000026ba7                AcpiEvMaskGpe
                0x0000000000026c7c                AcpiEvAddGpeReference
                0x0000000000026cf9                AcpiEvRemoveGpeReference
                0x0000000000026d78                AcpiEvLowGetGpeInfo
                0x0000000000026dda                AcpiEvGetGpeEventInfo
                0x0000000000026e63                AcpiEvGpeDetect
                0x0000000000027116                AcpiEvFinishGpe
                0x0000000000027167                AcpiEvDetectGpe
                0x00000000000272d0                AcpiEvGpeDispatch
 .text          0x0000000000027444      0x311 ./Source/acpica/events/evevent.o
                0x0000000000027444                AcpiEvInitializeEvents
                0x00000000000274bb                AcpiEvInstallXruptHandlers
                0x00000000000275be                AcpiEvFixedEventDetect
 .text          0x0000000000027755      0x9d6 ./Source/acpica/events/evregion.o
                0x0000000000027755                AcpiEvInitializeOpRegions
                0x00000000000277e1                AcpiEvAddressSpaceDispatch
                0x0000000000027ada                AcpiEvDetachRegion
                0x0000000000027ce0                AcpiEvAttachRegion
                0x0000000000027d30                AcpiEvExecuteRegMethod
                0x0000000000027f1b                AcpiEvExecuteRegMethods
 .text          0x000000000002812b      0x725 ./Source/acpica/events/evgpeblk.o
                0x00000000000281f5                AcpiEvDeleteGpeBlock
                0x000000000002855b                AcpiEvCreateGpeBlock
                0x00000000000286dc                AcpiEvInitializeGpeBlock
 .text          0x0000000000028850      0x2db ./Source/acpica/events/evglock.o
                0x0000000000028850                AcpiEvInitGlobalLockHandler
                0x00000000000288de                AcpiEvRemoveGlobalLockHandler
                0x0000000000028996                AcpiEvAcquireGlobalLock
                0x0000000000028aa7                AcpiEvReleaseGlobalLock
 .text          0x0000000000028b2b      0x4d6 ./Source/acpica/events/evgpeinit.o
                0x0000000000028b2b                AcpiEvGpeInitialize
                0x0000000000028d6b                AcpiEvUpdateGpes
                0x0000000000028e60                AcpiEvMatchGpeMethod
 .text          0x0000000000029001      0x670 ./Source/acpica/executer/exmisc.o
                0x0000000000029001                AcpiExGetObjectReference
                0x0000000000029101                AcpiExDoMathOp
                0x00000000000292d4                AcpiExDoLogicalNumericOp
                0x00000000000293d9                AcpiExDoLogicalOp
 .text          0x0000000000029671      0x366 ./Source/acpica/executer/exresnte.o
                0x0000000000029671                AcpiExResolveNodeToValue
 .text          0x00000000000299d7      0x473 ./Source/acpica/executer/exnames.o
                0x0000000000029bb9                AcpiExGetNameString
 .text          0x0000000000029e4a     0x1162 ./Source/acpica/executer/exoparg1.o
                0x0000000000029e4a                AcpiExOpcode_0A_0T_1R
                0x0000000000029f00                AcpiExOpcode_1A_0T_0R
                0x000000000002a002                AcpiExOpcode_1A_1T_0R
                0x000000000002a07c                AcpiExOpcode_1A_1T_1R
                0x000000000002a858                AcpiExOpcode_1A_0T_1R
 .text          0x000000000002afac      0x454 ./Source/acpica/executer/exregion.o
                0x000000000002afac                AcpiExSystemMemorySpaceHandler
                0x000000000002b28a                AcpiExSystemIoSpaceHandler
                0x000000000002b2fb                AcpiExPciConfigSpaceHandler
                0x000000000002b380                AcpiExCmosSpaceHandler
                0x000000000002b392                AcpiExPciBarSpaceHandler
                0x000000000002b3a4                AcpiExDataTableSpaceHandler
 .text          0x000000000002b400      0x1fb ./Source/acpica/executer/extrace.o
                0x000000000002b47a                AcpiExTracePoint
                0x000000000002b489                AcpiExStartTraceMethod
                0x000000000002b540                AcpiExStopTraceMethod
                0x000000000002b5cb                AcpiExStartTraceOpcode
                0x000000000002b5e3                AcpiExStopTraceOpcode
 .text          0x000000000002b5fb      0x37f ./Source/acpica/executer/exoparg6.o
                0x000000000002b721                AcpiExOpcode_6A_0T_1R
 .text          0x000000000002b97a      0x341 ./Source/acpica/executer/exoparg3.o
                0x000000000002b97a                AcpiExOpcode_3A_0T_0R
                0x000000000002ba79                AcpiExOpcode_3A_1T_1R
 .text          0x000000000002bcbb      0x3b1 ./Source/acpica/executer/exserial.o
                0x000000000002bcbb                AcpiExReadGpio
                0x000000000002bd07                AcpiExWriteGpio
                0x000000000002bd6e                AcpiExReadSerialBus
                0x000000000002becb                AcpiExWriteSerialBus
 .text          0x000000000002c06c      0x511 ./Source/acpica/executer/exconcat.o
                0x000000000002c06c                AcpiExDoConcatenate
                0x000000000002c47b                AcpiExConcatTemplate
 .text          0x000000000002c57d      0xf0d ./Source/acpica/executer/exfldio.o
                0x000000000002c7c8                AcpiExAccessRegion
                0x000000000002cbc3                AcpiExWriteWithUpdateRule
                0x000000000002cdb8                AcpiExExtractFromField
                0x000000000002d0fd                AcpiExInsertIntoField
 .text          0x000000000002d48a      0x5dd ./Source/acpica/executer/exmutex.o
                0x000000000002d48a                AcpiExUnlinkMutex
                0x000000000002d531                AcpiExAcquireMutexObject
                0x000000000002d608                AcpiExAcquireMutex
                0x000000000002d754                AcpiExReleaseMutexObject
                0x000000000002d7f3                AcpiExReleaseMutex
                0x000000000002d9d6                AcpiExReleaseAllMutexes
 .text          0x000000000002da67      0x8e5 ./Source/acpica/executer/exoparg2.o
                0x000000000002da67                AcpiExOpcode_2A_0T_0R
                0x000000000002db36                AcpiExOpcode_2A_2T_1R
                0x000000000002dcb6                AcpiExOpcode_2A_1T_1R
                0x000000000002e168                AcpiExOpcode_2A_0T_1R
 .text          0x000000000002e34c      0xb67 ./Source/acpica/executer/exdump.o
                0x000000000002e89a                AcpiExDumpOperand
                0x000000000002e8a0                AcpiExDumpOperands
                0x000000000002e91e                AcpiExDumpNamespaceNode
                0x000000000002ed10                AcpiExDumpObjectDescriptor
 .text          0x000000000002eeb3      0x59c ./Source/acpica/executer/exstore.o
                0x000000000002eeb3                AcpiExStore
                0x000000000002f200                AcpiExStoreObjectToNode
 .text          0x000000000002f44f      0x777 ./Source/acpica/executer/exconvrt.o
                0x000000000002f44f                AcpiExConvertToInteger
                0x000000000002f5b6                AcpiExConvertToBuffer
                0x000000000002f824                AcpiExConvertToString
                0x000000000002fa7e                AcpiExConvertToTargetType
 .text          0x000000000002fbc6      0x20d ./Source/acpica/executer/exstorob.o
                0x000000000002fbc6                AcpiExStoreBufferToBuffer
                0x000000000002fcc0                AcpiExStoreStringToString
 .text          0x000000000002fdd3      0x522 ./Source/acpica/executer/excreate.o
                0x000000000002fdd3                AcpiExCreateAlias
                0x000000000002fe58                AcpiExCreateEvent
                0x000000000002fedb                AcpiExCreateMutex
                0x000000000002ff84                AcpiExCreateRegion
                0x00000000000300dc                AcpiExCreateProcessor
                0x0000000000030184                AcpiExCreatePowerResource
                0x0000000000030218                AcpiExCreateMethod
 .text          0x00000000000302f5      0x4c5 ./Source/acpica/executer/exfield.o
                0x00000000000302f5                AcpiExGetProtocolBufferLength
                0x000000000003034b                AcpiExReadDataFromField
                0x000000000003056e                AcpiExWriteDataToField
 .text          0x00000000000307ba      0x54e ./Source/acpica/executer/exprep.o
                0x0000000000030875                AcpiExPrepCommonFieldObject
                0x000000000003090f                AcpiExPrepFieldValue
 .text          0x0000000000030d08      0x56e ./Source/acpica/executer/exdebug.o
                0x0000000000030d08                AcpiExDoDebugObject
 .text          0x0000000000031276      0x2a0 ./Source/acpica/executer/exstoren.o
                0x0000000000031276                AcpiExResolveObject
                0x000000000003139a                AcpiExStoreObjectToObject
 .text          0x0000000000031516      0x630 ./Source/acpica/executer/exresolv.o
                0x0000000000031516                AcpiExResolveToValue
                0x000000000003181f                AcpiExResolveMultiple
 .text          0x0000000000031b46      0x64d ./Source/acpica/executer/exconfig.o
                0x0000000000031ba6                AcpiExLoadTableOp
                0x0000000000031e3f                AcpiExLoadOp
                0x00000000000320d8                AcpiExUnloadTable
 .text          0x0000000000032193      0x202 ./Source/acpica/executer/exsystem.o
                0x0000000000032193                AcpiExSystemWaitSemaphore
                0x00000000000321ed                AcpiExSystemWaitMutex
                0x0000000000032243                AcpiExSystemDoStall
                0x000000000003228f                AcpiExSystemDoSleep
                0x00000000000322e3                AcpiExSystemSignalEvent
                0x0000000000032312                AcpiExSystemWaitEvent
                0x000000000003234c                AcpiExSystemResetEvent
 .text          0x0000000000032395      0x7e5 ./Source/acpica/executer/exresop.o
                0x0000000000032423                AcpiExResolveOperands
 .text          0x0000000000032b7a      0x548 ./Source/acpica/executer/exutils.o
                0x0000000000032b7a                AcpiExEnterInterpreter
                0x0000000000032be4                AcpiExExitInterpreter
                0x0000000000032c4e                AcpiExTruncateFor32bitTable
                0x0000000000032cc0                AcpiExAcquireGlobalLock
                0x0000000000032d17                AcpiExReleaseGlobalLock
                0x0000000000032df0                AcpiExEisaIdToString
                0x0000000000032f13                AcpiExIntegerToString
                0x0000000000032f8f                AcpiExPciClsToString
                0x000000000003308e                AcpiIsValidSpaceId
 .text          0x00000000000330c2      0x198 ./Source/acpica/hardware/hwtimer.o
                0x00000000000330c2                AcpiGetTimerResolution
                0x00000000000330fb                AcpiGetTimer
                0x0000000000033169                AcpiGetTimerDuration
 .text          0x000000000003325a      0x289 ./Source/acpica/hardware/hwesleep.o
                0x000000000003325a                AcpiHwExecuteSleepMethod
                0x00000000000332c8                AcpiHwExtendedSleep
                0x0000000000033409                AcpiHwExtendedWakePrep
                0x0000000000033472                AcpiHwExtendedWake
 .text          0x00000000000334e3      0x33d ./Source/acpica/hardware/hwpci.o
                0x00000000000334e3                AcpiHwDerivePciId
 .text          0x0000000000033820      0x52e ./Source/acpica/hardware/hwgpe.o
                0x0000000000033820                AcpiHwGetGpeRegisterBit
                0x000000000003384b                AcpiHwLowSetGpe
                0x0000000000033984                AcpiHwClearGpe
                0x00000000000339cf                AcpiHwGetGpeStatus
                0x0000000000033b74                AcpiHwDisableGpeBlock
                0x0000000000033bc3                AcpiHwClearGpeBlock
                0x0000000000033c17                AcpiHwEnableRuntimeGpeBlock
                0x0000000000033cee                AcpiHwDisableAllGpes
                0x0000000000033d0e                AcpiHwEnableAllRuntimeGpes
                0x0000000000033d2e                AcpiHwEnableAllWakeupGpes
 .text          0x0000000000033d4e      0x1b5 ./Source/acpica/hardware/hwacpi.o
                0x0000000000033d4e                AcpiHwSetMode
                0x0000000000033ea5                AcpiHwGetMode
 .text          0x0000000000033f03      0xc46 ./Source/acpica/hardware/hwregs.o
                0x000000000003417c                AcpiHwValidateRegister
                0x00000000000342c3                AcpiHwRead
                0x00000000000344b2                AcpiHwWrite
                0x0000000000034659                AcpiHwClearAcpiStatus
                0x00000000000346c6                AcpiHwGetBitRegisterInfo
                0x0000000000034700                AcpiHwWritePm1Control
                0x0000000000034778                AcpiHwRegisterRead
                0x00000000000348b2                AcpiHwRegisterWrite
 .text          0x0000000000034b49      0x3ca ./Source/acpica/hardware/hwsleep.o
                0x0000000000034b49                AcpiHwLegacySleep
                0x0000000000034d6c                AcpiHwLegacyWakePrep
                0x0000000000034e53                AcpiHwLegacyWake
 .text          0x0000000000034f13      0x2b2 ./Source/acpica/hardware/hwvalid.o
                0x000000000003502d                AcpiHwReadPort
                0x0000000000035107                AcpiHwWritePort
 .text          0x00000000000351c5      0x32e ./Source/acpica/hardware/hwxfsleep.o
                0x0000000000035212                AcpiSetFirmwareWakingVector
                0x000000000003523c                AcpiEnterSleepStateS4bios
                0x000000000003535a                AcpiEnterSleepStatePrep
                0x0000000000035434                AcpiEnterSleepState
                0x00000000000354a7                AcpiLeaveSleepStatePrep
                0x00000000000354cd                AcpiLeaveSleepState
 .text          0x00000000000354f3      0x48d ./Source/acpica/hardware/hwxface.o
                0x00000000000354f3                AcpiReset
                0x0000000000035591                AcpiRead
                0x00000000000355b0                AcpiWrite
                0x00000000000355de                AcpiReadBitRegister
                0x000000000003565a                AcpiWriteBitRegister
                0x000000000003577f                AcpiGetSleepTypeData
 .text          0x0000000000035980      0x1f2 ./Source/acpica/namespace/nsxfobj.o
                0x0000000000035980                AcpiGetType
                0x0000000000035a13                AcpiGetParent
                0x0000000000035aa1                AcpiGetNextObject
 .text          0x0000000000035b72      0xa04 ./Source/acpica/namespace/nsprepkg.o
                0x0000000000035b72                AcpiNsCheckPackage
 .text          0x0000000000036576      0x7c7 ./Source/acpica/namespace/nsaccess.o
                0x0000000000036576                AcpiNsRootInitialize
                0x00000000000368d0                AcpiNsLookup
 .text          0x0000000000036d3d      0x5b5 ./Source/acpica/namespace/nsnames.o
                0x0000000000036d3d                AcpiNsGetExternalPathname
                0x0000000000036d5b                AcpiNsGetPathnameLength
                0x0000000000036db4                AcpiNsHandleToName
                0x0000000000036e27                AcpiNsHandleToPathname
                0x0000000000036eb5                AcpiNsBuildNormalizedPath
                0x0000000000037015                AcpiNsGetNormalizedPathname
                0x0000000000037098                AcpiNsBuildPrefixedPathname
 .text          0x00000000000372f2      0xb55 ./Source/acpica/namespace/nsdump.o
                0x00000000000372f2                AcpiNsPrintPathname
                0x00000000000372f8                AcpiNsDumpOneObject
                0x0000000000037bfc                AcpiNsDumpObjects
                0x0000000000037d8d                AcpiNsDumpObjectPaths
                0x0000000000037e1d                AcpiNsDumpEntry
 .text          0x0000000000037e47        0x0 ./Source/acpica/namespace/nsdumpdv.o
 .text          0x0000000000037e47      0x5f3 ./Source/acpica/namespace/nsconvert.o
                0x0000000000037e47                AcpiNsConvertToInteger
                0x0000000000037f61                AcpiNsConvertToString
                0x0000000000038067                AcpiNsConvertToBuffer
                0x00000000000381c4                AcpiNsConvertToUnicode
                0x000000000003828a                AcpiNsConvertToResource
                0x0000000000038341                AcpiNsConvertToReference
 .text          0x000000000003843a      0x88c ./Source/acpica/namespace/nsutils.o
                0x000000000003843a                AcpiNsPrintNodePathname
                0x00000000000384ba                AcpiNsGetType
                0x00000000000384f3                AcpiNsLocal
                0x000000000003853f                AcpiNsGetInternalNameLength
                0x0000000000038624                AcpiNsBuildInternalName
                0x00000000000387e5                AcpiNsInternalizeName
                0x0000000000038879                AcpiNsExternalizeName
                0x0000000000038acd                AcpiNsValidateHandle
                0x0000000000038afa                AcpiNsTerminate
                0x0000000000038b82                AcpiNsOpensScope
                0x0000000000038bc2                AcpiNsGetNodeUnlocked
                0x0000000000038c7c                AcpiNsGetNode
 .text          0x0000000000038cc6      0x564 ./Source/acpica/namespace/nseval.o
                0x0000000000038cc6                AcpiNsEvaluate
                0x000000000003905d                AcpiNsExecModuleCodeList
 .text          0x000000000003922a      0x3c1 ./Source/acpica/namespace/nspredef.o
                0x000000000003922a                AcpiNsCheckReturnValue
                0x0000000000039348                AcpiNsCheckObjectType
 .text          0x00000000000395eb      0x803 ./Source/acpica/namespace/nsxfname.o
                0x00000000000395eb                AcpiGetHandle
                0x00000000000396a3                AcpiGetName
                0x0000000000039783                AcpiGetObjectInfo
                0x0000000000039ba5                AcpiInstallMethod
 .text          0x0000000000039dee      0x483 ./Source/acpica/namespace/nsrepair.o
                0x0000000000039dee                AcpiNsSimpleRepair
                0x000000000003a0d4                AcpiNsRepairNullElement
                0x000000000003a18d                AcpiNsRemoveNullElements
                0x000000000003a223                AcpiNsWrapWithPackage
 .text          0x000000000003a271      0x256 ./Source/acpica/namespace/nswalk.o
                0x000000000003a271                AcpiNsGetNextNode
                0x000000000003a28a                AcpiNsGetNextNodeTyped
                0x000000000003a2dd                AcpiNsWalkNamespace
 .text          0x000000000003a4c7      0x94d ./Source/acpica/namespace/nsxfeval.o
                0x000000000003a4c7                AcpiEvaluateObjectTyped
                0x000000000003a63f                AcpiEvaluateObject
                0x000000000003a990                AcpiWalkNamespace
                0x000000000003ac21                AcpiGetDevices
                0x000000000003ac94                AcpiAttachData
                0x000000000003ad17                AcpiDetachData
                0x000000000003ad91                AcpiGetData
 .text          0x000000000003ae14      0x3d5 ./Source/acpica/namespace/nsarguments.o
                0x000000000003ae14                AcpiNsCheckArgumentTypes
                0x000000000003af1f                AcpiNsCheckAcpiCompliance
                0x000000000003b077                AcpiNsCheckArgumentCount
 .text          0x000000000003b1e9      0x6f9 ./Source/acpica/namespace/nsinit.o
                0x000000000003b1e9                AcpiNsInitializeObjects
                0x000000000003b24a                AcpiNsInitializeDevices
                0x000000000003b41a                AcpiNsInitOnePackage
 .text          0x000000000003b8e2      0x442 ./Source/acpica/namespace/nsalloc.o
                0x000000000003b8e2                AcpiNsCreateNode
                0x000000000003b91e                AcpiNsDeleteNode
                0x000000000003b9ae                AcpiNsRemoveNode
                0x000000000003ba17                AcpiNsInstallNode
                0x000000000003bac9                AcpiNsDeleteChildren
                0x000000000003bb3d                AcpiNsDeleteNamespaceSubtree
                0x000000000003bbf9                AcpiNsDeleteNamespaceByOwner
 .text          0x000000000003bd24      0x46c ./Source/acpica/namespace/nsobject.o
                0x000000000003bd24                AcpiNsAttachObject
                0x000000000003be95                AcpiNsDetachObject
                0x000000000003bf88                AcpiNsGetAttachedObject
                0x000000000003bff3                AcpiNsGetSecondaryObject
                0x000000000003c02b                AcpiNsAttachData
                0x000000000003c0ca                AcpiNsDetachData
                0x000000000003c143                AcpiNsGetAttachedData
 .text          0x000000000003c190      0x27d ./Source/acpica/namespace/nssearch.o
                0x000000000003c190                AcpiNsSearchOneScope
                0x000000000003c258                AcpiNsSearchAndEnter
 .text          0x000000000003c40d       0xd3 ./Source/acpica/namespace/nsload.o
                0x000000000003c40d                AcpiNsLoadTable
 .text          0x000000000003c4e0      0x358 ./Source/acpica/namespace/nsparse.o
                0x000000000003c4e0                AcpiNsExecuteTable
                0x000000000003c689                AcpiNsOneCompleteParse
                0x000000000003c819                AcpiNsParseTable
 .text          0x000000000003c838      0xa1f ./Source/acpica/namespace/nsrepair2.o
                0x000000000003c838                AcpiNsComplexRepairs
 .text          0x000000000003d257      0xbbd ./Source/acpica/parser/psargs.o
                0x000000000003d2d8                AcpiPsGetNextPackageEnd
                0x000000000003d2ff                AcpiPsGetNextNamestring
                0x000000000003d38d                AcpiPsGetNextNamepath
                0x000000000003d5d1                AcpiPsGetNextSimpleArg
                0x000000000003daf4                AcpiPsGetNextArg
 .text          0x000000000003de14      0x1f1 ./Source/acpica/parser/psscope.o
                0x000000000003de14                AcpiPsGetParentScope
                0x000000000003de22                AcpiPsHasCompletedScope
                0x000000000003de53                AcpiPsInitScope
                0x000000000003deb9                AcpiPsPushScope
                0x000000000003df3c                AcpiPsPopScope
                0x000000000003dfc4                AcpiPsCleanupScope
 .text          0x000000000003e005      0x1d0 ./Source/acpica/parser/psutils.o
                0x000000000003e005                AcpiPsCreateScopeOp
                0x000000000003e03a                AcpiPsInitOp
                0x000000000003e05c                AcpiPsAllocOp
                0x000000000003e129                AcpiPsFreeOp
                0x000000000003e16d                AcpiPsIsLeadingChar
                0x000000000003e190                AcpiPsGetName
                0x000000000003e1b3                AcpiPsSetName
 .text          0x000000000003e1d5       0xa0 ./Source/acpica/parser/psopinfo.o
                0x000000000003e1d5                AcpiPsGetOpcodeInfo
                0x000000000003e244                AcpiPsGetOpcodeName
                0x000000000003e258                AcpiPsGetArgumentCount
 .text          0x000000000003e275       0x9b ./Source/acpica/parser/pswalk.o
                0x000000000003e275                AcpiPsDeleteParseTree
 .text          0x000000000003e310      0x8f6 ./Source/acpica/parser/psloop.o
                0x000000000003e534                AcpiPsParseLoop
 .text          0x000000000003ec06      0x21e ./Source/acpica/parser/pstree.o
                0x000000000003ec06                AcpiPsGetArg
                0x000000000003ec81                AcpiPsAppendArg
                0x000000000003ed5a                AcpiPsGetDepthNext
 .text          0x000000000003ee24        0x0 ./Source/acpica/parser/psopcode.o
 .text          0x000000000003ee24      0xb2a ./Source/acpica/parser/psobject.o
                0x000000000003ef6d                AcpiPsBuildNamedOp
                0x000000000003f12f                AcpiPsCreateOp
                0x000000000003f395                AcpiPsCompleteOp
                0x000000000003f7bf                AcpiPsCompleteFinalOp
 .text          0x000000000003f94e      0x943 ./Source/acpica/parser/psparse.o
                0x000000000003f94e                AcpiPsGetOpcodeSize
                0x000000000003f968                AcpiPsPeekOpcode
                0x000000000003f9ad                AcpiPsCompleteThisOp
                0x000000000003fcc6                AcpiPsNextParseState
                0x000000000003fe1e                AcpiPsParseAml
 .text          0x0000000000040291      0x4ac ./Source/acpica/parser/psxface.o
                0x0000000000040291                AcpiDebugTrace
                0x00000000000402eb                AcpiPsExecuteMethod
                0x000000000004055e                AcpiPsExecuteTable
 .text          0x000000000004073d      0x638 ./Source/acpica/resources/rsutils.o
                0x000000000004073d                AcpiRsDecodeBitmask
                0x0000000000040793                AcpiRsEncodeBitmask
                0x00000000000407e6                AcpiRsMoveData
                0x00000000000408b9                AcpiRsSetResourceLength
                0x0000000000040913                AcpiRsSetResourceHeader
                0x0000000000040991                AcpiRsGetResourceSource
                0x0000000000040a73                AcpiRsSetResourceSource
                0x0000000000040add                AcpiRsGetPrtMethodData
                0x0000000000040b30                AcpiRsGetCrsMethodData
                0x0000000000040b83                AcpiRsGetPrsMethodData
                0x0000000000040bd6                AcpiRsGetAeiMethodData
                0x0000000000040c29                AcpiRsGetMethodData
                0x0000000000040c7a                AcpiRsSetSrsMethodData
 .text          0x0000000000040d75        0x0 ./Source/acpica/resources/rsio.o
 .text          0x0000000000040d75        0x0 ./Source/acpica/resources/rsirq.o
 .text          0x0000000000040d75        0x0 ./Source/acpica/resources/rsinfo.o
 .text          0x0000000000040d75      0xe17 ./Source/acpica/resources/rsmisc.o
                0x0000000000040d75                AcpiRsConvertAmlToResource
                0x0000000000041542                AcpiRsConvertResourceToAml
 .text          0x0000000000041b8c        0x0 ./Source/acpica/resources/rsserial.o
 .text          0x0000000000041b8c        0x0 ./Source/acpica/resources/rsmemory.o
 .text          0x0000000000041b8c      0x2a5 ./Source/acpica/resources/rslist.o
                0x0000000000041b8c                AcpiRsConvertAmlToResources
                0x0000000000041ca3                AcpiRsConvertResourcesToAml
 .text          0x0000000000041e31      0x105 ./Source/acpica/resources/rsaddr.o
                0x0000000000041e31                AcpiRsGetAddressCommon
                0x0000000000041ec4                AcpiRsSetAddressCommon
 .text          0x0000000000041f36      0x81a ./Source/acpica/resources/rscalc.o
                0x0000000000041fb7                AcpiRsGetAmlLength
                0x0000000000042271                AcpiRsGetListLength
                0x0000000000042622                AcpiRsGetPciRoutingTableLength
 .text          0x0000000000042750      0x69e ./Source/acpica/resources/rsxface.o
                0x00000000000427be                AcpiGetIrqRoutingTable
                0x0000000000042801                AcpiGetCurrentResources
                0x0000000000042844                AcpiGetPossibleResources
                0x0000000000042887                AcpiSetCurrentResources
                0x00000000000428ea                AcpiGetEventResources
                0x000000000004292d                AcpiResourceToAddress64
                0x0000000000042b51                AcpiGetVendorResource
                0x0000000000042c7b                AcpiWalkResourceBuffer
                0x0000000000042d39                AcpiWalkResources
 .text          0x0000000000042dee      0x560 ./Source/acpica/resources/rscreate.o
                0x0000000000042dee                AcpiBufferToResource
                0x0000000000042ea9                AcpiRsCreateResourceList
                0x0000000000042f45                AcpiRsCreatePciRoutingTable
                0x00000000000432c5                AcpiRsCreateAmlResources
 .text          0x000000000004334e        0x0 ./Source/acpica/resources/rsdumpinfo.o
 .text          0x000000000004334e      0x6df ./Source/acpica/resources/rsdump.o
                0x000000000004334e                AcpiRsDumpResourceList
                0x000000000004335e                AcpiRsDumpIrqList
 .text          0x0000000000043a2d      0x40a ./Source/acpica/tables/tbinstal.o
                0x0000000000043a2d                AcpiTbInstallTableWithOverride
                0x0000000000043af4                AcpiTbInstallStandardTable
                0x0000000000043c83                AcpiTbOverrideTable
                0x0000000000043de8                AcpiTbUninstallTable
 .text          0x0000000000043e37      0x5b9 ./Source/acpica/tables/tbxface.o
                0x0000000000043e37                AcpiAllocateRootTable
                0x0000000000043e53                AcpiInitializeTables
                0x0000000000043ef6                AcpiReallocateRootTable
                0x000000000004403b                AcpiGetTableHeader
                0x0000000000044193                AcpiGetTable
                0x000000000004424b                AcpiPutTable
                0x00000000000442c3                AcpiGetTableByIndex
                0x0000000000044338                AcpiInstallTableHandler
                0x000000000004439a                AcpiRemoveTableHandler
 .text          0x00000000000443f0      0xc7d ./Source/acpica/tables/tbdata.o
                0x0000000000044493                AcpiTbInitTableDescriptor
                0x00000000000444df                AcpiTbAcquireTable
                0x0000000000044562                AcpiTbReleaseTable
                0x0000000000044591                AcpiTbAcquireTempTable
                0x0000000000044638                AcpiTbReleaseTempTable
                0x000000000004464f                AcpiTbValidateTable
                0x000000000004469f                AcpiTbInvalidateTable
                0x00000000000446e3                AcpiTbValidateTempTable
                0x00000000000447b5                AcpiTbVerifyTempTable
                0x000000000004497e                AcpiTbResizeRootTableList
                0x0000000000044afb                AcpiTbGetNextTableDescriptor
                0x0000000000044b6e                AcpiTbTerminate
                0x0000000000044c06                AcpiTbDeleteNamespaceByOwner
                0x0000000000044cb4                AcpiTbAllocateOwnerId
                0x0000000000044d11                AcpiTbReleaseOwnerId
                0x0000000000044d72                AcpiTbGetOwnerId
                0x0000000000044dcd                AcpiTbIsTableLoaded
                0x0000000000044e20                AcpiTbSetTableLoadedFlag
                0x0000000000044ecb                AcpiTbLoadTable
                0x0000000000044f4e                AcpiTbInstallAndLoadTable
                0x0000000000044fb0                AcpiTbUnloadTable
                0x0000000000045041                AcpiTbNotifyTable
 .text          0x000000000004506d      0x909 ./Source/acpica/tables/tbfadt.o
                0x00000000000451d8                AcpiTbParseFadt
                0x00000000000452f4                AcpiTbCreateLocalFadt
 .text          0x0000000000045976      0x2c8 ./Source/acpica/tables/tbxfroot.o
                0x0000000000045976                AcpiTbGetRsdpLength
                0x00000000000459b7                AcpiTbValidateRsdp
                0x0000000000045a26                AcpiFindRootPointer
                0x0000000000045bf6                AcpiTbScanMemoryForRsdp
 .text          0x0000000000045c3e      0x2bb ./Source/acpica/tables/tbprint.o
                0x0000000000045ce7                AcpiTbPrintTableHeader
                0x0000000000045e40                AcpiTbVerifyChecksum
                0x0000000000045ec5                AcpiTbChecksum
 .text          0x0000000000045ef9      0x5a4 ./Source/acpica/tables/tbutils.o
                0x0000000000045ef9                AcpiTbInitializeFacs
                0x0000000000045fa0                AcpiTbCheckDsdtHeader
                0x0000000000046029                AcpiTbCopyDsdt
                0x0000000000046168                AcpiTbParseRootTable
                0x00000000000463ad                AcpiTbGetTable
                0x0000000000046432                AcpiTbPutTable
 .text          0x000000000004649d      0x483 ./Source/acpica/tables/tbxfload.o
                0x000000000004649d                AcpiLoadTables
                0x0000000000046522                AcpiTbLoadNamespace
                0x000000000004679f                AcpiInstallTable
                0x00000000000467de                AcpiLoadTable
                0x000000000004681d                AcpiUnloadParentTable
 .text          0x0000000000046920      0x245 ./Source/acpica/tables/tbfind.o
                0x0000000000046920                AcpiTbFindTable
 .text          0x0000000000046b65      0x235 ./Source/acpica/utilities/utxferror.o
                0x0000000000046b65                AcpiError
                0x0000000000046bae                AcpiException
                0x0000000000046c1e                AcpiWarning
                0x0000000000046c67                AcpiInfo
                0x0000000000046c98                AcpiBiosError
                0x0000000000046ce1                AcpiBiosException
                0x0000000000046d51                AcpiBiosWarning
 .text          0x0000000000046d9a      0x611 ./Source/acpica/utilities/utobject.o
                0x0000000000046d9a                AcpiUtCreateInternalObjectDbg
                0x0000000000046e3c                AcpiUtCreatePackageObject
                0x0000000000046eb2                AcpiUtCreateIntegerObject
                0x0000000000046efe                AcpiUtCreateBufferObject
                0x0000000000046fa6                AcpiUtCreateStringObject
                0x0000000000047033                AcpiUtValidInternalObject
                0x0000000000047061                AcpiUtAllocateObjectDescDbg
                0x00000000000470aa                AcpiUtDeleteObjectDesc
                0x0000000000047360                AcpiUtGetObjectSize
 .text          0x00000000000473ab      0x327 ./Source/acpica/utilities/uteval.o
                0x00000000000473ab                AcpiUtEvaluateObject
                0x0000000000047589                AcpiUtEvaluateNumericObject
                0x00000000000475d6                AcpiUtExecute_STA
                0x000000000004763a                AcpiUtExecutePowerMethods
 .text          0x00000000000476d2      0x2ba ./Source/acpica/utilities/utaddress.o
                0x00000000000476d2                AcpiUtAddAddressRange
                0x0000000000047756                AcpiUtRemoveAddressRange
                0x00000000000477dd                AcpiUtCheckAddressRange
                0x0000000000047931                AcpiUtDeleteAddressLists
 .text          0x000000000004798c      0x354 ./Source/acpica/utilities/utinit.o
                0x0000000000047a14                AcpiUtInitGlobals
                0x0000000000047c81                AcpiUtSubsystemShutdown
 .text          0x0000000000047ce0      0x717 ./Source/acpica/utilities/utclib.o
                0x0000000000047ce0                memcmp
                0x0000000000047d3e                memmove
                0x0000000000047db7                memcpy
                0x0000000000047ded                memset
                0x0000000000047e18                strlen
                0x0000000000047e3e                strpbrk
                0x0000000000047e86                strtok
                0x0000000000047f14                strcpy
                0x0000000000047f4a                strncpy
                0x0000000000047fa2                strcmp
                0x0000000000047fea                strchr
                0x0000000000048016                strncmp
                0x0000000000048078                strcat
                0x00000000000480bd                strncat
                0x000000000004811e                strstr
                0x0000000000048172                strtoul
                0x00000000000483a9                toupper
                0x00000000000483d0                tolower
 .text          0x00000000000483f7      0x4ff ./Source/acpica/utilities/utosi.o
                0x00000000000483f7                AcpiUtInitializeInterfaces
                0x000000000004847e                AcpiUtInterfaceTerminate
                0x0000000000048553                AcpiUtInstallInterface
                0x00000000000485ee                AcpiUtRemoveInterface
                0x00000000000486c7                AcpiUtUpdateInterfaces
                0x000000000004875c                AcpiUtGetInterface
                0x000000000004879f                AcpiUtOsiImplementation
 .text          0x00000000000488f6      0x62c ./Source/acpica/utilities/utxface.o
                0x00000000000488f6                AcpiTerminate
                0x0000000000048913                AcpiSubsystemStatus
                0x0000000000048930                AcpiGetSystemInfo
                0x00000000000489e6                AcpiGetStatistics
                0x0000000000048a3c                AcpiInstallInitializationHandler
                0x0000000000048a6b                AcpiPurgeCachedObjects
                0x0000000000048abc                AcpiInstallInterface
                0x0000000000048b7b                AcpiRemoveInterface
                0x0000000000048beb                AcpiInstallInterfaceHandler
                0x0000000000048c4b                AcpiUpdateInterfaces
                0x0000000000048ca4                AcpiCheckAddressRange
                0x0000000000048d00                AcpiDecodePldBuffer
 .text          0x0000000000048f22      0xadd ./Source/acpica/utilities/utcopy.o
                0x0000000000049264                AcpiUtCopyIobjectToEobject
                0x0000000000049570                AcpiUtCopyEobjectToIobject
                0x0000000000049962                AcpiUtCopyIobjectToIobject
 .text          0x00000000000499ff      0x502 ./Source/acpica/utilities/utids.o
                0x00000000000499ff                AcpiUtExecute_HID
                0x0000000000049ae3                AcpiUtExecute_UID
                0x0000000000049bc7                AcpiUtExecute_CID
                0x0000000000049dcb                AcpiUtExecute_CLS
 .text          0x0000000000049f01      0x2a2 ./Source/acpica/utilities/utbuffer.o
                0x0000000000049f01                AcpiUtDumpBuffer
                0x000000000004a16b                AcpiUtDebugDumpBuffer
 .text          0x000000000004a1a3        0x0 ./Source/acpica/utilities/utglobal.o
 .text          0x000000000004a1a3      0x23a ./Source/acpica/utilities/utxfinit.o
                0x000000000004a1a3                AcpiInitializeSubsystem
                0x000000000004a2a1                AcpiEnableSubsystem
                0x000000000004a36c                AcpiInitializeObjects
 .text          0x000000000004a3dd      0x1cf ./Source/acpica/utilities/utstate.o
                0x000000000004a3dd                AcpiUtPushGenericState
                0x000000000004a3f5                AcpiUtPopGenericState
                0x000000000004a418                AcpiUtCreateGenericState
                0x000000000004a444                AcpiUtCreateThreadState
                0x000000000004a4ca                AcpiUtCreateUpdateState
                0x000000000004a50c                AcpiUtCreatePkgState
                0x000000000004a558                AcpiUtCreateControlState
                0x000000000004a588                AcpiUtDeleteGenericState
 .text          0x000000000004a5ac      0x289 ./Source/acpica/utilities/uterror.o
                0x000000000004a5ac                AcpiUtPredefinedWarning
                0x000000000004a60b                AcpiUtPredefinedInfo
                0x000000000004a66a                AcpiUtPredefinedBiosError
                0x000000000004a6c9                AcpiUtPrefixedNamespaceError
                0x000000000004a79a                AcpiUtMethodError
 .text          0x000000000004a835      0x278 ./Source/acpica/utilities/utstring.o
                0x000000000004a835                AcpiUtPrintString
                0x000000000004aa0a                AcpiUtRepairName
 .text          0x000000000004aaad      0x29d ./Source/acpica/utilities/utdecode.o
                0x000000000004aaad                AcpiUtGetRegionName
                0x000000000004aafc                AcpiUtGetEventName
                0x000000000004ab18                AcpiUtGetTypeName
                0x000000000004ab34                AcpiUtGetObjectTypeName
                0x000000000004ab76                AcpiUtGetNodeName
                0x000000000004abd2                AcpiUtGetDescriptorName
                0x000000000004ac07                AcpiUtGetReferenceName
                0x000000000004ac60                AcpiUtGetMutexName
                0x000000000004ac7c                AcpiUtGetNotifyName
                0x000000000004ad17                AcpiUtGetArgumentTypeName
                0x000000000004ad33                AcpiUtValidObjectType
 .text          0x000000000004ad4a      0x84a ./Source/acpica/utilities/utdelete.o
                0x000000000004b0cd                AcpiUtDeleteInternalObjectList
                0x000000000004b284                AcpiUtUpdateObjectReference
                0x000000000004b524                AcpiUtAddReference
                0x000000000004b552                AcpiUtRemoveReference
 .text          0x000000000004b594      0x24a ./Source/acpica/utilities/utownerid.o
                0x000000000004b594                AcpiUtAllocateOwnerId
                0x000000000004b6fe                AcpiUtReleaseOwnerId
 .text          0x000000000004b7de      0x103 ./Source/acpica/utilities/utascii.o
                0x000000000004b7de                AcpiUtValidNameseg
                0x000000000004b826                AcpiUtValidNameChar
                0x000000000004b871                AcpiUtCheckAndRepairAscii
 .text          0x000000000004b8e1      0x127 ./Source/acpica/utilities/utexcep.o
                0x000000000004b8e1                AcpiFormatException
                0x000000000004b926                AcpiUtValidateException
 .text          0x000000000004ba08       0xfa ./Source/acpica/utilities/utpredef.o
                0x000000000004ba08                AcpiUtGetNextPredefinedMethod
                0x000000000004ba34                AcpiUtMatchPredefinedMethod
                0x000000000004ba86                AcpiUtGetExpectedReturnTypes
 .text          0x000000000004bb02        0x0 ./Source/acpica/utilities/utdebug.o
 .text          0x000000000004bb02       0xf5 ./Source/acpica/utilities/uthex.o
                0x000000000004bb02                AcpiUtHexToAsciiChar
                0x000000000004bb4f                AcpiUtAsciiToHexByte
                0x000000000004bbd0                AcpiUtAsciiCharToHex
 .text          0x000000000004bbf7        0x0 ./Source/acpica/utilities/uttrack.o
 .text          0x000000000004bbf7      0x3c9 ./Source/acpica/utilities/utresrc.o
                0x000000000004bbf7                AcpiUtWalkAmlResources
                0x000000000004bd3a                AcpiUtValidateResource
                0x000000000004bedf                AcpiUtGetResourceType
                0x000000000004beff                AcpiUtGetResourceLength
                0x000000000004bf34                AcpiUtGetResourceHeaderLength
                0x000000000004bf4f                AcpiUtGetDescriptorLength
                0x000000000004bf76                AcpiUtGetResourceEndTag
 .text          0x000000000004bfc0      0x1af ./Source/acpica/utilities/utlock.o
                0x000000000004bfc0                AcpiUtCreateRwLock
                0x000000000004c007                AcpiUtDeleteRwLock
                0x000000000004c050                AcpiUtAcquireReadLock
                0x000000000004c0c5                AcpiUtReleaseReadLock
                0x000000000004c131                AcpiUtAcquireWriteLock
                0x000000000004c155                AcpiUtReleaseWriteLock
 .text          0x000000000004c16f      0x44e ./Source/acpica/utilities/utstrsuppt.o
                0x000000000004c16f                AcpiUtConvertOctalString
                0x000000000004c1ee                AcpiUtConvertDecimalString
                0x000000000004c276                AcpiUtConvertHexString
                0x000000000004c2f8                AcpiUtRemoveLeadingZeros
                0x000000000004c320                AcpiUtRemoveWhitespace
                0x000000000004c358                AcpiUtDetectHexPrefix
                0x000000000004c38c                AcpiUtRemoveHexPrefix
                0x000000000004c3cd                AcpiUtDetectOctalPrefix
 .text          0x000000000004c5bd      0x28d ./Source/acpica/utilities/utalloc.o
                0x000000000004c5bd                AcpiOsAllocateZeroed
                0x000000000004c5f2                AcpiUtCreateCaches
                0x000000000004c6b6                AcpiUtDeleteCaches
                0x000000000004c74a                AcpiUtValidateBuffer
                0x000000000004c796                AcpiUtInitializeBuffer
 .text          0x000000000004c84a      0x126 ./Source/acpica/utilities/utxfmutex.o
                0x000000000004c8df                AcpiAcquireMutex
                0x000000000004c92e                AcpiReleaseMutex
 .text          0x000000000004c970      0xa25 ./Source/acpica/utilities/utprint.o
                0x000000000004ca9f                AcpiUtScanNumber
                0x000000000004cb25                AcpiUtPrintNumber
                0x000000000004ce05                vsnprintf
                0x000000000004d344                snprintf
                0x000000000004d36d                sprintf
 .text          0x000000000004d395      0x2e3 ./Source/acpica/utilities/utcache.o
                0x000000000004d395                AcpiOsCreateCache
                0x000000000004d41f                AcpiOsPurgeCache
                0x000000000004d4a2                AcpiOsDeleteCache
                0x000000000004d4d9                AcpiOsReleaseObject
                0x000000000004d591                AcpiOsAcquireObject
 .text          0x000000000004d678        0x0 ./Source/acpica/utilities/utuuid.o
 .text          0x000000000004d678      0x3cb ./Source/acpica/utilities/utmath.o
                0x000000000004d678                AcpiUtShortMultiply
                0x000000000004d6c3                AcpiUtShortShiftLeft
                0x000000000004d70c                AcpiUtShortShiftRight
                0x000000000004d755                AcpiUtShortDivide
                0x000000000004d7f7                AcpiUtDivide
 .text          0x000000000004da43      0x367 ./Source/acpica/utilities/utmutex.o
                0x000000000004da43                AcpiUtMutexInitialize
                0x000000000004db16                AcpiUtMutexTerminate
                0x000000000004dc47                AcpiUtAcquireMutex
                0x000000000004dd00                AcpiUtReleaseMutex
 .text          0x000000000004ddaa      0x23c ./Source/acpica/utilities/utstrtoul64.o
                0x000000000004ddaa                AcpiUtStrtoul64
                0x000000000004dec0                AcpiUtImplicitStrtoul64
                0x000000000004df3c                AcpiUtExplicitStrtoul64
 .text          0x000000000004dfe6        0x0 ./Source/acpica/utilities/utresdecode.o
 .text          0x000000000004dfe6      0x1f6 ./Source/acpica/utilities/utnonansi.o
                0x000000000004dfe6                AcpiUtStrlwr
                0x000000000004e029                AcpiUtStrupr
                0x000000000004e06c                AcpiUtStricmp
                0x000000000004e0c0                AcpiUtSafeStrcpy
                0x000000000004e0f8                AcpiUtSafeStrcat
                0x000000000004e146                AcpiUtSafeStrncat
                0x000000000004e1b1                AcpiUtSafeStrncpy
 .text          0x000000000004e1dc      0x2d6 ./Source/acpica/utilities/utmisc.o
                0x000000000004e1dc                AcpiUtIsPciRootBridge
                0x000000000004e21e                AcpiUtDwordByteSwap
                0x000000000004e24b                AcpiUtSetIntegerWidth
                0x000000000004e28c                AcpiUtCreateUpdateStateAndPush
                0x000000000004e2e1                AcpiUtWalkPackageTree
 *fill*         0x000000000004e4b2        0xe 
 .text          0x000000000004e4c0       0x2b ./Source/core/NSOCorePaging.o
                0x000000000004e4c0                kernel_loadPageDirectory
                0x000000000004e4d6                kernel_enablePaging
                0x000000000004e4e4                kernel_updatePaging
 *fill*         0x000000000004e4eb        0x5 
 .text          0x000000000004e4f0      0x8b1 ./Source/core/NSOExceptions.o
                0x000000000004e4f0                kernel_isr0
                0x000000000004e515                kernel_isr8
                0x000000000004e538                kernel_isr13
                0x000000000004e55b                kernel_isr14
                0x000000000004e580                kernel_isrstub_start
                0x000000000004ed00                kernel_isrstub_end
 *fill*         0x000000000004eda1        0xf 
 .text          0x000000000004edb0       0x3f ./Source/utils/NSOLocks.o
                0x000000000004edb0                kernel_acquireSpinlock
                0x000000000004edc1                kernel_releaseLock
                0x000000000004edd0                kernel_acquireMutex

.iplt           0x000000000004edef        0x0
 .iplt          0x000000000004edef        0x0 ./Source/core/NSOKernel.o

.rodata         0x000000000004ee00    0x10a27
 .rodata        0x000000000004ee00       0x5d ./Source/core/NSOKernel.o
 *fill*         0x000000000004ee5d        0x3 
 .rodata        0x000000000004ee60       0x23 ./Source/core/NSOBiosMaps.o
 *fill*         0x000000000004ee83        0x1 
 .rodata        0x000000000004ee84       0x4c ./Source/core/NSOAllocator.o
 .rodata        0x000000000004eed0       0x54 ./Source/core/NSOPaging.o
 .rodata        0x000000000004ef24       0x8f ./Source/core/NSOInterruptController.o
 *fill*         0x000000000004efb3        0x1 
 .rodata        0x000000000004efb4       0x5a ./Source/core/NSOPCI.o
 *fill*         0x000000000004f00e        0x2 
 .rodata        0x000000000004f010       0xbb ./Source/core/NSOCExceptions.o
 *fill*         0x000000000004f0cb        0x1 
 .rodata        0x000000000004f0cc       0x21 ./Source/devices/NSOAPIC.o
 .rodata        0x000000000004f0ed       0x26 ./Source/devices/NSOHPET.o
 *fill*         0x000000000004f113        0x1 
 .rodata        0x000000000004f114       0x2a ./Source/devices/NSOPIT.o
 *fill*         0x000000000004f13e        0x2 
 .rodata        0x000000000004f140      0x163 ./Source/utils/NSOBochs.o
 .rodata        0x000000000004f2a3        0xc ./Source/utils/NSOCoreUtils.o
 .rodata        0x000000000004f2af       0x66 ./Source/acpica/NSOACPIOSL.o
 *fill*         0x000000000004f315        0x3 
 .rodata        0x000000000004f318      0x8f3 ./Source/acpica/debugger/dbcmds.o
 *fill*         0x000000000004fc0b        0x1 
 .rodata        0x000000000004fc0c      0x4d2 ./Source/acpica/debugger/dbtest.o
 *fill*         0x00000000000500de        0x2 
 .rodata        0x00000000000500e0      0x175 ./Source/acpica/debugger/dbutils.o
 *fill*         0x0000000000050255        0x3 
 .rodata        0x0000000000050258      0x471 ./Source/acpica/debugger/dbexec.o
 *fill*         0x00000000000506c9        0x3 
 .rodata        0x00000000000506cc      0x17c ./Source/acpica/debugger/dbmethod.o
 .rodata        0x0000000000050848      0x80f ./Source/acpica/debugger/dbdisply.o
 *fill*         0x0000000000051057        0x1 
 .rodata        0x0000000000051058      0x5cc ./Source/acpica/debugger/dbstats.o
 .rodata        0x0000000000051624      0x329 ./Source/acpica/debugger/dbobject.o
 *fill*         0x000000000005194d        0x3 
 .rodata        0x0000000000051950        0x9 ./Source/acpica/debugger/dbfileio.o
 *fill*         0x0000000000051959        0x3 
 .rodata        0x000000000005195c       0x2f ./Source/acpica/debugger/dbhistry.o
 *fill*         0x000000000005198b       0x15 
 .rodata        0x00000000000519a0     0x17e3 ./Source/acpica/debugger/dbinput.o
 *fill*         0x0000000000053183        0x1 
 .rodata        0x0000000000053184      0x1a0 ./Source/acpica/debugger/dbxface.o
 .rodata        0x0000000000053324      0x1c5 ./Source/acpica/debugger/dbconvert.o
 *fill*         0x00000000000534e9        0x3 
 .rodata        0x00000000000534ec      0x5ca ./Source/acpica/debugger/dbnames.o
 *fill*         0x0000000000053ab6        0x2 
 .rodata        0x0000000000053ab8      0x15c ./Source/acpica/dispatcher/dswexec.o
 .rodata        0x0000000000053c14       0xf6 ./Source/acpica/dispatcher/dsmethod.o
 *fill*         0x0000000000053d0a        0x2 
 .rodata        0x0000000000053d0c        0x8 ./Source/acpica/dispatcher/dsdebug.o
 .rodata        0x0000000000053d14      0x148 ./Source/acpica/dispatcher/dspkginit.o
 .rodata        0x0000000000053e5c      0x168 ./Source/acpica/dispatcher/dswload2.o
 .rodata        0x0000000000053fc4       0xc4 ./Source/acpica/dispatcher/dswload.o
 .rodata        0x0000000000054088      0x223 ./Source/acpica/dispatcher/dswstate.o
 *fill*         0x00000000000542ab        0x1 
 .rodata        0x00000000000542ac      0x1cf ./Source/acpica/dispatcher/dsopcode.o
 *fill*         0x000000000005447b        0x1 
 .rodata        0x000000000005447c      0x164 ./Source/acpica/dispatcher/dsobject.o
 .rodata        0x00000000000545e0       0x5a ./Source/acpica/dispatcher/dsutils.o
 *fill*         0x000000000005463a        0x2 
 .rodata        0x000000000005463c      0x108 ./Source/acpica/dispatcher/dscontrol.o
 .rodata        0x0000000000054744       0x38 ./Source/acpica/dispatcher/dswscope.o
 .rodata        0x000000000005477c       0xca ./Source/acpica/dispatcher/dsmthdat.o
 *fill*         0x0000000000054846        0x2 
 .rodata        0x0000000000054848       0x70 ./Source/acpica/dispatcher/dsargs.o
 .rodata        0x00000000000548b8       0xfb ./Source/acpica/dispatcher/dsfield.o
 *fill*         0x00000000000549b3        0x1 
 .rodata        0x00000000000549b4       0x4a ./Source/acpica/dispatcher/dsinit.o
 *fill*         0x00000000000549fe        0x2 
 .rodata        0x0000000000054a00       0x1b ./Source/acpica/events/evxfgpe.o
 *fill*         0x0000000000054a1b        0x1 
 .rodata        0x0000000000054a1c       0x8e ./Source/acpica/events/evxfevnt.o
 *fill*         0x0000000000054aaa        0x2 
 .rodata        0x0000000000054aac        0x9 ./Source/acpica/events/evxfregn.o
 *fill*         0x0000000000054ab5        0x3 
 .rodata        0x0000000000054ab8       0x42 ./Source/acpica/events/evgpeutil.o
 *fill*         0x0000000000054afa        0x2 
 .rodata        0x0000000000054afc        0x6 ./Source/acpica/events/evsci.o
 *fill*         0x0000000000054b02        0x2 
 .rodata        0x0000000000054b04        0xa ./Source/acpica/events/evhandler.o
 *fill*         0x0000000000054b0e        0x2 
 .rodata        0x0000000000054b10       0x55 ./Source/acpica/events/evrgnini.o
 *fill*         0x0000000000054b65        0x3 
 .rodata        0x0000000000054b68       0x77 ./Source/acpica/events/evxface.o
 *fill*         0x0000000000054bdf        0x1 
 .rodata        0x0000000000054be0       0x81 ./Source/acpica/events/evmisc.o
 *fill*         0x0000000000054c61        0x3 
 .rodata        0x0000000000054c64       0xcb ./Source/acpica/events/evgpe.o
 *fill*         0x0000000000054d2f        0x1 
 .rodata        0x0000000000054d30       0xf2 ./Source/acpica/events/evevent.o
 *fill*         0x0000000000054e22        0x2 
 .rodata        0x0000000000054e24      0x133 ./Source/acpica/events/evregion.o
 *fill*         0x0000000000054f57        0x1 
 .rodata        0x0000000000054f58       0xaa ./Source/acpica/events/evgpeblk.o
 *fill*         0x0000000000055002        0x2 
 .rodata        0x0000000000055004       0xa6 ./Source/acpica/events/evglock.o
 *fill*         0x00000000000550aa        0x2 
 .rodata        0x00000000000550ac      0x107 ./Source/acpica/events/evgpeinit.o
 *fill*         0x00000000000551b3        0x1 
 .rodata        0x00000000000551b4       0xef ./Source/acpica/executer/exmisc.o
 *fill*         0x00000000000552a3        0x1 
 .rodata        0x00000000000552a4      0x168 ./Source/acpica/executer/exresnte.o
 .rodata        0x000000000005540c       0x79 ./Source/acpica/executer/exnames.o
 *fill*         0x0000000000055485        0x3 
 .rodata        0x0000000000055488      0x21c ./Source/acpica/executer/exoparg1.o
 .rodata        0x00000000000556a4       0x56 ./Source/acpica/executer/exregion.o
 *fill*         0x00000000000556fa        0x2 
 .rodata        0x00000000000556fc        0x8 ./Source/acpica/executer/extrace.o
 .rodata        0x0000000000055704       0x87 ./Source/acpica/executer/exoparg6.o
 *fill*         0x000000000005578b        0x1 
 .rodata        0x000000000005578c       0x36 ./Source/acpica/executer/exoparg3.o
 *fill*         0x00000000000557c2        0x2 
 .rodata        0x00000000000557c4       0xb9 ./Source/acpica/executer/exserial.o
 *fill*         0x000000000005587d        0x3 
 .rodata        0x0000000000055880       0x2e ./Source/acpica/executer/exconcat.o
 *fill*         0x00000000000558ae        0x2 
 .rodata        0x00000000000558b0      0x1f2 ./Source/acpica/executer/exfldio.o
 *fill*         0x0000000000055aa2        0x2 
 .rodata        0x0000000000055aa4      0x15e ./Source/acpica/executer/exmutex.o
 *fill*         0x0000000000055c02        0x2 
 .rodata        0x0000000000055c04      0x140 ./Source/acpica/executer/exoparg2.o
 *fill*         0x0000000000055d44       0x1c 
 .rodata        0x0000000000055d60      0xb42 ./Source/acpica/executer/exdump.o
 *fill*         0x00000000000568a2        0x2 
 .rodata        0x00000000000568a4      0x1f0 ./Source/acpica/executer/exstore.o
 .rodata        0x0000000000056a94       0xe4 ./Source/acpica/executer/exconvrt.o
 .rodata        0x0000000000056b78        0x9 ./Source/acpica/executer/exstorob.o
 *fill*         0x0000000000056b81        0x3 
 .rodata        0x0000000000056b84       0x36 ./Source/acpica/executer/excreate.o
 *fill*         0x0000000000056bba        0x2 
 .rodata        0x0000000000056bbc       0x44 ./Source/acpica/executer/exfield.o
                0x0000000000056bc4                AcpiProtocolLengths
 .rodata        0x0000000000056c00       0x98 ./Source/acpica/executer/exprep.o
 .rodata        0x0000000000056c98      0x21c ./Source/acpica/executer/exdebug.o
 .rodata        0x0000000000056eb4       0xf1 ./Source/acpica/executer/exstoren.o
 *fill*         0x0000000000056fa5        0x3 
 .rodata        0x0000000000056fa8      0x1ac ./Source/acpica/executer/exresolv.o
 .rodata        0x0000000000057154       0x75 ./Source/acpica/executer/exconfig.o
 *fill*         0x00000000000571c9        0x3 
 .rodata        0x00000000000571cc       0x2d ./Source/acpica/executer/exsystem.o
 *fill*         0x00000000000571f9        0x3 
 .rodata        0x00000000000571fc      0x2a8 ./Source/acpica/executer/exresop.o
 .rodata        0x00000000000574a4      0x125 ./Source/acpica/executer/exutils.o
 *fill*         0x00000000000575c9        0x3 
 .rodata        0x00000000000575cc        0x8 ./Source/acpica/hardware/hwtimer.o
 .rodata        0x00000000000575d4       0x33 ./Source/acpica/hardware/hwesleep.o
 *fill*         0x0000000000057607        0x1 
 .rodata        0x0000000000057608        0xb ./Source/acpica/hardware/hwpci.o
 *fill*         0x0000000000057613        0x1 
 .rodata        0x0000000000057614       0x1d ./Source/acpica/hardware/hwgpe.o
 *fill*         0x0000000000057631        0x3 
 .rodata        0x0000000000057634       0xbf ./Source/acpica/hardware/hwacpi.o
 *fill*         0x00000000000576f3        0x1 
 .rodata        0x00000000000576f4      0x108 ./Source/acpica/hardware/hwregs.o
 .rodata        0x00000000000577fc       0x18 ./Source/acpica/hardware/hwsleep.o
 *fill*         0x0000000000057814        0xc 
 .rodata        0x0000000000057820      0x187 ./Source/acpica/hardware/hwvalid.o
 *fill*         0x00000000000579a7        0x1 
 .rodata        0x00000000000579a8       0x45 ./Source/acpica/hardware/hwxfsleep.o
 *fill*         0x00000000000579ed        0x3 